c:\users\woobin\desktop\imageprogram\imageprocessingnative\debug\vc143.pdb
c:\users\woobin\desktop\imageprogram\imageprocessingnative\debug\vc143.idb
c:\users\woobin\desktop\imageprogram\imageprocessingnative\debug\roi.obj
c:\users\woobin\desktop\imageprogram\imageprocessingnative\debug\templatematching.obj
c:\users\woobin\desktop\imageprogram\imageprocessingnative\debug\filter.obj
c:\users\woobin\desktop\imageprogram\imageprocessingnative\debug\threshold.obj
c:\users\woobin\desktop\imageprogram\imageprocessingnative\debug\smoothing.obj
c:\users\woobin\desktop\imageprogram\imageprocessingnative\debug\morphology.obj
c:\users\woobin\desktop\imageprogram\imageprocessingnative\debug\dllmain.obj
c:\users\woobin\desktop\imageprogram\imageprogram\bin\debug\net8.0-windows\imageprocessingnative.dll
c:\users\woobin\desktop\imageprogram\imageprogram\bin\debug\net8.0-windows\imageprocessingnative.pdb
c:\users\woobin\desktop\imageprogram\imageprogram\bin\debug\net8.0-windows\imageprocessingnative.lib
c:\users\woobin\desktop\imageprogram\imageprogram\bin\debug\net8.0-windows\imageprocessingnative.exp
c:\users\woobin\desktop\imageprogram\imageprocessingnative\debug\imageprocessingnative.ilk
c:\users\woobin\desktop\imageprogram\imageprocessingnative\..\imageprogram\bin\debug\net8.0-windows\imageprocessingnative.pdb
c:\users\woobin\desktop\imageprogram\imageprocessingnative\debug\imagepro.a1b2c3d4.tlog\cl.command.1.tlog
c:\users\woobin\desktop\imageprogram\imageprocessingnative\debug\imagepro.a1b2c3d4.tlog\cl.items.tlog
c:\users\woobin\desktop\imageprogram\imageprocessingnative\debug\imagepro.a1b2c3d4.tlog\cl.read.1.tlog
c:\users\woobin\desktop\imageprogram\imageprocessingnative\debug\imagepro.a1b2c3d4.tlog\cl.write.1.tlog
c:\users\woobin\desktop\imageprogram\imageprocessingnative\debug\imagepro.a1b2c3d4.tlog\link.command.1.tlog
c:\users\woobin\desktop\imageprogram\imageprocessingnative\debug\imagepro.a1b2c3d4.tlog\link.read.1.tlog
c:\users\woobin\desktop\imageprogram\imageprocessingnative\debug\imagepro.a1b2c3d4.tlog\link.secondary.1.tlog
c:\users\woobin\desktop\imageprogram\imageprocessingnative\debug\imagepro.a1b2c3d4.tlog\link.write.1.tlog
